root_dir is /workspace/CSI-Bench-Real-WiFi-Sensing-Benchmark
Loaded configuration from /workspace/CSI-Bench-Real-WiFi-Sensing-Benchmark/configs/local_default_config.json
Using CUDA device: NVIDIA A100-SXM4-80GB
CUDA version: 11.8
Total GPU memory: 85.10 GB
PyTorch version: 2.1.0
Loaded configuration from configs/improved_all_models_har_config.json

============================================================
Starting training for model: inceptioncsi
============================================================

Running supervised learning: /opt/conda/bin/python /workspace/CSI-Bench-Real-WiFi-Sensing-Benchmark/scripts/train_supervised.py --data_dir="./csi-bench-dataset" --task_name=HumanActivityRecognition --model=inceptioncsi --batch_size=128 --epochs=150 --win_len=500 --feature_size=232 --save_dir="./results" --output_dir="./results" --num_workers=0 --use_root_data_path --no_pin_memory --test_splits="all" --learning_rate=0.0005 --weight_decay=1e-05 --warmup_epochs=5 --patience=20 --use_augmentation --use_domain_adversarial --da_start_threshold=0.6 --partial_adv_frac=0.5 --freeze_frac=0.0 --focal_gamma=2.0 --noise_prob=0.2 --noise_scale=0.01 --shift_prob=0.2 --amplitude_prob=0.3 --amplitude_lo=0.9 --amplitude_hi=1.1 --mixup_prob=0.1 --max_shift=10 --use_kd --kd_teacher_checkpoint=./results/HumanActivityRecognition/resnet18csi/params_62c9fe48f0/best_model.pt --kd_temperature=4.0 --kd_alpha=0.5 --kd_beta=0.1 --hidden_dim=128 --attention_dim=32 --tcn_channels=128 --tcn_layers=5 --nb_filters=24 --inception_depth=6 --conf_d_model=128 --conf_layers=4 --bigru_hidden=96 --bigru_layers=2 --n_transformer_layers=1
Disabling PyTorch because PyTorch >= 2.4 is required but found 2.1.0
PyTorch was not found. Models won't be available and only tokenizers, configuration and file/data utilities can be used.
Running in local environment
Experiment ID: params_864ddcbff7
Results will be saved to: ./results/HumanActivityRecognition/inceptioncsi/params_864ddcbff7
Model checkpoints will be saved to: ./results/HumanActivityRecognition/inceptioncsi/params_864ddcbff7
Using device: cuda
********************splits_dir is ./csi-bench-dataset/tasks/HumanActivityRecognition/splits
Available test splits: ['test_cross_device', 'test_cross_env', 'test_cross_user', 'test_id']
Using test splits: ['test_cross_device', 'test_cross_env', 'test_cross_user', 'test_id']
Loading data from ./csi-bench-dataset for task HumanActivityRecognition...
________________________DATA DEBUG________./csi-bench-dataset/tasks/HumanActivityRecognition
Root directory does not contain required subfolders, will try standard paths.
Checking path: ./csi-bench-dataset/tasks/HumanActivityRecognition
  Has metadata: True, Has splits: True
Using task directory: ./csi-bench-dataset/tasks/HumanActivityRecognition

==== Task Directory Contents (./csi-bench-dataset/tasks/HumanActivityRecognition) ====
  Directory: metadata/ (3 items)
    - device_mapping.json
    - label_mapping.json
    - sample_metadata.csv
  Directory: splits/ (6 items)
    - test_cross_device.json
    - test_cross_env.json
    - test_cross_user.json
    - test_id.json
    - train_id.json
    - val_id.json
  Directory: sub_Human/ (6 items)
================================================

Using metadata path: ./csi-bench-dataset/tasks/HumanActivityRecognition/metadata/sample_metadata.csv
Using provided task directory: ./csi-bench-dataset/tasks/HumanActivityRecognition
Using provided task directory: ./csi-bench-dataset/tasks/HumanActivityRecognition
Loaded 15843 samples for HumanActivityRecognition - train_id
Loaded 15843 samples for HumanActivityRecognition - train_id
[Domain] encoders built: device: 8 classes, environment: 5 classes, user: 5 classes
Using provided task directory: ./csi-bench-dataset/tasks/HumanActivityRecognition
Using provided task directory: ./csi-bench-dataset/tasks/HumanActivityRecognition
Loaded 3393 samples for HumanActivityRecognition - val_id
Loaded 3393 samples for HumanActivityRecognition - val_id
Using provided task directory: ./csi-bench-dataset/tasks/HumanActivityRecognition
Using provided task directory: ./csi-bench-dataset/tasks/HumanActivityRecognition
Loaded 4958 samples for HumanActivityRecognition - test_cross_device
Loaded 4958 samples for HumanActivityRecognition - test_cross_device
Using provided task directory: ./csi-bench-dataset/tasks/HumanActivityRecognition
Using provided task directory: ./csi-bench-dataset/tasks/HumanActivityRecognition
Loaded 5660 samples for HumanActivityRecognition - test_cross_env
Loaded 5660 samples for HumanActivityRecognition - test_cross_env
Using provided task directory: ./csi-bench-dataset/tasks/HumanActivityRecognition
Using provided task directory: ./csi-bench-dataset/tasks/HumanActivityRecognition
Loaded 5967 samples for HumanActivityRecognition - test_cross_user
Loaded 5967 samples for HumanActivityRecognition - test_cross_user
Using provided task directory: ./csi-bench-dataset/tasks/HumanActivityRecognition
Using provided task directory: ./csi-bench-dataset/tasks/HumanActivityRecognition
Loaded 3400 samples for HumanActivityRecognition - test_id
Loaded 3400 samples for HumanActivityRecognition - test_id
Detected 6 classes in the dataset
Loaded 4 test splits: ['test_cross_device', 'test_cross_env', 'test_cross_user', 'test']
Creating INCEPTIONCSI model...
Model parameters: 294374
Using KnowledgeDistillationTrainer  (teacher=ResNet18CSI from ./results/HumanActivityRecognition/resnet18csi/params_62c9fe48f0/best_model.pt, T=4.0, alpha=0.5, beta=0.1)
[AugmentedTaskTrainer] class weights: [4.542971134185791, 4.047667026519775, 3.666513442993164, 1.0, 4.082864284515381, 10.0]
[KnowledgeDistillationTrainer] student_dim=128 → teacher_dim=512, T=4.0, alpha=0.5, beta=0.1
Starting supervised training phase...
Epoch 1/150
Traceback (most recent call last):
  File "/workspace/CSI-Bench-Real-WiFi-Sensing-Benchmark/scripts/train_supervised.py", line 1048, in <module>
    main()
  File "/workspace/CSI-Bench-Real-WiFi-Sensing-Benchmark/scripts/train_supervised.py", line 748, in main
    model, training_results = trainer.train()
  File "/workspace/CSI-Bench-Real-WiFi-Sensing-Benchmark/engine/supervised/task_trainer.py", line 135, in train
    train_loss, train_acc, train_time = self.train_epoch()
  File "/workspace/CSI-Bench-Real-WiFi-Sensing-Benchmark/engine/supervised/kd_trainer.py", line 157, in train_epoch
    for inputs, labels in self.train_loader:
ValueError: too many values to unpack (expected 2)
Error running supervised learning: return code 1

Model inceptioncsi training failed
Running time: 0.70 minutes

============================================================
Starting training for model: lighttcn
============================================================

Running supervised learning: /opt/conda/bin/python /workspace/CSI-Bench-Real-WiFi-Sensing-Benchmark/scripts/train_supervised.py --data_dir="./csi-bench-dataset" --task_name=HumanActivityRecognition --model=lighttcn --batch_size=128 --epochs=150 --win_len=500 --feature_size=232 --save_dir="./results" --output_dir="./results" --num_workers=0 --use_root_data_path --no_pin_memory --test_splits="all" --learning_rate=0.0005 --weight_decay=1e-05 --warmup_epochs=5 --patience=20 --use_augmentation --use_domain_adversarial --da_start_threshold=0.6 --partial_adv_frac=0.5 --freeze_frac=0.0 --focal_gamma=2.0 --noise_prob=0.2 --noise_scale=0.01 --shift_prob=0.2 --amplitude_prob=0.3 --amplitude_lo=0.9 --amplitude_hi=1.1 --mixup_prob=0.1 --max_shift=10 --use_kd --kd_teacher_checkpoint=./results/HumanActivityRecognition/resnet18csi/params_62c9fe48f0/best_model.pt --kd_temperature=4.0 --kd_alpha=0.5 --kd_beta=0.1 --hidden_dim=128 --attention_dim=32 --tcn_channels=128 --tcn_layers=5 --nb_filters=24 --inception_depth=6 --conf_d_model=128 --conf_layers=4 --bigru_hidden=96 --bigru_layers=2 --n_transformer_layers=1
Disabling PyTorch because PyTorch >= 2.4 is required but found 2.1.0
PyTorch was not found. Models won't be available and only tokenizers, configuration and file/data utilities can be used.
Running in local environment
Experiment ID: params_864ddcbff7
Results will be saved to: ./results/HumanActivityRecognition/lighttcn/params_864ddcbff7
Model checkpoints will be saved to: ./results/HumanActivityRecognition/lighttcn/params_864ddcbff7
Using device: cuda
********************splits_dir is ./csi-bench-dataset/tasks/HumanActivityRecognition/splits
Available test splits: ['test_cross_device', 'test_cross_env', 'test_cross_user', 'test_id']
Using test splits: ['test_cross_device', 'test_cross_env', 'test_cross_user', 'test_id']
Loading data from ./csi-bench-dataset for task HumanActivityRecognition...
________________________DATA DEBUG________./csi-bench-dataset/tasks/HumanActivityRecognition
Root directory does not contain required subfolders, will try standard paths.
Checking path: ./csi-bench-dataset/tasks/HumanActivityRecognition
  Has metadata: True, Has splits: True
Using task directory: ./csi-bench-dataset/tasks/HumanActivityRecognition

==== Task Directory Contents (./csi-bench-dataset/tasks/HumanActivityRecognition) ====
  Directory: metadata/ (3 items)
    - device_mapping.json
    - label_mapping.json
    - sample_metadata.csv
  Directory: splits/ (6 items)
    - test_cross_device.json
    - test_cross_env.json
    - test_cross_user.json
    - test_id.json
    - train_id.json
    - val_id.json
  Directory: sub_Human/ (6 items)
================================================

Using metadata path: ./csi-bench-dataset/tasks/HumanActivityRecognition/metadata/sample_metadata.csv
Using provided task directory: ./csi-bench-dataset/tasks/HumanActivityRecognition
Using provided task directory: ./csi-bench-dataset/tasks/HumanActivityRecognition
Loaded 15843 samples for HumanActivityRecognition - train_id
Loaded 15843 samples for HumanActivityRecognition - train_id
[Domain] encoders built: device: 8 classes, environment: 5 classes, user: 5 classes
Using provided task directory: ./csi-bench-dataset/tasks/HumanActivityRecognition
Using provided task directory: ./csi-bench-dataset/tasks/HumanActivityRecognition
Loaded 3393 samples for HumanActivityRecognition - val_id
Loaded 3393 samples for HumanActivityRecognition - val_id
Using provided task directory: ./csi-bench-dataset/tasks/HumanActivityRecognition
Using provided task directory: ./csi-bench-dataset/tasks/HumanActivityRecognition
Loaded 4958 samples for HumanActivityRecognition - test_cross_device
Loaded 4958 samples for HumanActivityRecognition - test_cross_device
Using provided task directory: ./csi-bench-dataset/tasks/HumanActivityRecognition
Using provided task directory: ./csi-bench-dataset/tasks/HumanActivityRecognition
Loaded 5660 samples for HumanActivityRecognition - test_cross_env
Loaded 5660 samples for HumanActivityRecognition - test_cross_env
Using provided task directory: ./csi-bench-dataset/tasks/HumanActivityRecognition
Using provided task directory: ./csi-bench-dataset/tasks/HumanActivityRecognition
Loaded 5967 samples for HumanActivityRecognition - test_cross_user
Loaded 5967 samples for HumanActivityRecognition - test_cross_user
Using provided task directory: ./csi-bench-dataset/tasks/HumanActivityRecognition
Using provided task directory: ./csi-bench-dataset/tasks/HumanActivityRecognition
Loaded 3400 samples for HumanActivityRecognition - test_id
Loaded 3400 samples for HumanActivityRecognition - test_id
Detected 6 classes in the dataset
Loaded 4 test splits: ['test_cross_device', 'test_cross_env', 'test_cross_user', 'test']
Creating LIGHTTCN model...
Model parameters: 162343
Using KnowledgeDistillationTrainer  (teacher=ResNet18CSI from ./results/HumanActivityRecognition/resnet18csi/params_62c9fe48f0/best_model.pt, T=4.0, alpha=0.5, beta=0.1)
[AugmentedTaskTrainer] class weights: [4.542971134185791, 4.047667026519775, 3.666513442993164, 1.0, 4.082864284515381, 10.0]
[KnowledgeDistillationTrainer] student_dim=160 → teacher_dim=512, T=4.0, alpha=0.5, beta=0.1
Starting supervised training phase...
Epoch 1/150
Traceback (most recent call last):
  File "/workspace/CSI-Bench-Real-WiFi-Sensing-Benchmark/scripts/train_supervised.py", line 1048, in <module>
    main()
  File "/workspace/CSI-Bench-Real-WiFi-Sensing-Benchmark/scripts/train_supervised.py", line 748, in main
    model, training_results = trainer.train()
  File "/workspace/CSI-Bench-Real-WiFi-Sensing-Benchmark/engine/supervised/task_trainer.py", line 135, in train
    train_loss, train_acc, train_time = self.train_epoch()
  File "/workspace/CSI-Bench-Real-WiFi-Sensing-Benchmark/engine/supervised/kd_trainer.py", line 157, in train_epoch
    for inputs, labels in self.train_loader:
ValueError: too many values to unpack (expected 2)
Error running supervised learning: return code 1

Model lighttcn training failed
Running time: 0.76 minutes

============================================================
Starting training for model: deepbigru
============================================================

Running supervised learning: /opt/conda/bin/python /workspace/CSI-Bench-Real-WiFi-Sensing-Benchmark/scripts/train_supervised.py --data_dir="./csi-bench-dataset" --task_name=HumanActivityRecognition --model=deepbigru --batch_size=128 --epochs=150 --win_len=500 --feature_size=232 --save_dir="./results" --output_dir="./results" --num_workers=0 --use_root_data_path --no_pin_memory --test_splits="all" --learning_rate=0.001 --weight_decay=1e-05 --warmup_epochs=5 --patience=20 --use_augmentation --use_domain_adversarial --da_start_threshold=0.6 --partial_adv_frac=0.5 --freeze_frac=0.1 --focal_gamma=2.0 --noise_prob=0.2 --noise_scale=0.01 --shift_prob=0.2 --amplitude_prob=0.3 --amplitude_lo=0.9 --amplitude_hi=1.1 --mixup_prob=0.1 --max_shift=10 --use_kd --kd_teacher_checkpoint=./results/HumanActivityRecognition/resnet18csi/params_62c9fe48f0/best_model.pt --kd_temperature=4.0 --kd_alpha=0.5 --kd_beta=0.1 --hidden_dim=128 --attention_dim=32 --tcn_channels=128 --tcn_layers=5 --nb_filters=24 --inception_depth=6 --conf_d_model=128 --conf_layers=4 --bigru_hidden=96 --bigru_layers=2 --n_transformer_layers=1 --subcarrier_dropout_prob=0.02 --dropout=0.3
Disabling PyTorch because PyTorch >= 2.4 is required but found 2.1.0
PyTorch was not found. Models won't be available and only tokenizers, configuration and file/data utilities can be used.
Running in local environment
Experiment ID: params_2569ba8a74
Results will be saved to: ./results/HumanActivityRecognition/deepbigru/params_2569ba8a74
Model checkpoints will be saved to: ./results/HumanActivityRecognition/deepbigru/params_2569ba8a74
Using device: cuda
********************splits_dir is ./csi-bench-dataset/tasks/HumanActivityRecognition/splits
Available test splits: ['test_cross_device', 'test_cross_env', 'test_cross_user', 'test_id']
Using test splits: ['test_cross_device', 'test_cross_env', 'test_cross_user', 'test_id']
Loading data from ./csi-bench-dataset for task HumanActivityRecognition...
________________________DATA DEBUG________./csi-bench-dataset/tasks/HumanActivityRecognition
Root directory does not contain required subfolders, will try standard paths.
Checking path: ./csi-bench-dataset/tasks/HumanActivityRecognition
  Has metadata: True, Has splits: True
Using task directory: ./csi-bench-dataset/tasks/HumanActivityRecognition

==== Task Directory Contents (./csi-bench-dataset/tasks/HumanActivityRecognition) ====
  Directory: metadata/ (3 items)
    - device_mapping.json
    - label_mapping.json
    - sample_metadata.csv
  Directory: splits/ (6 items)
    - test_cross_device.json
    - test_cross_env.json
    - test_cross_user.json
    - test_id.json
    - train_id.json
    - val_id.json
  Directory: sub_Human/ (6 items)
================================================

Using metadata path: ./csi-bench-dataset/tasks/HumanActivityRecognition/metadata/sample_metadata.csv
Using provided task directory: ./csi-bench-dataset/tasks/HumanActivityRecognition
Using provided task directory: ./csi-bench-dataset/tasks/HumanActivityRecognition
Loaded 15843 samples for HumanActivityRecognition - train_id
Loaded 15843 samples for HumanActivityRecognition - train_id
[Domain] encoders built: device: 8 classes, environment: 5 classes, user: 5 classes
Using provided task directory: ./csi-bench-dataset/tasks/HumanActivityRecognition
Using provided task directory: ./csi-bench-dataset/tasks/HumanActivityRecognition
Loaded 3393 samples for HumanActivityRecognition - val_id
Loaded 3393 samples for HumanActivityRecognition - val_id
Using provided task directory: ./csi-bench-dataset/tasks/HumanActivityRecognition
Using provided task directory: ./csi-bench-dataset/tasks/HumanActivityRecognition
Loaded 4958 samples for HumanActivityRecognition - test_cross_device
Loaded 4958 samples for HumanActivityRecognition - test_cross_device
Using provided task directory: ./csi-bench-dataset/tasks/HumanActivityRecognition
Using provided task directory: ./csi-bench-dataset/tasks/HumanActivityRecognition
Loaded 5660 samples for HumanActivityRecognition - test_cross_env
Loaded 5660 samples for HumanActivityRecognition - test_cross_env
Using provided task directory: ./csi-bench-dataset/tasks/HumanActivityRecognition
Using provided task directory: ./csi-bench-dataset/tasks/HumanActivityRecognition
Loaded 5967 samples for HumanActivityRecognition - test_cross_user
Loaded 5967 samples for HumanActivityRecognition - test_cross_user
Using provided task directory: ./csi-bench-dataset/tasks/HumanActivityRecognition
Using provided task directory: ./csi-bench-dataset/tasks/HumanActivityRecognition
Loaded 3400 samples for HumanActivityRecognition - test_id
Loaded 3400 samples for HumanActivityRecognition - test_id
Detected 6 classes in the dataset
Loaded 4 test splits: ['test_cross_device', 'test_cross_env', 'test_cross_user', 'test']
Creating DEEPBIGRU model...
Model parameters: 758630
Using KnowledgeDistillationTrainer  (teacher=ResNet18CSI from ./results/HumanActivityRecognition/resnet18csi/params_62c9fe48f0/best_model.pt, T=4.0, alpha=0.5, beta=0.1)
[AugmentedTaskTrainer] class weights: [4.542971134185791, 4.047667026519775, 3.666513442993164, 1.0, 4.082864284515381, 10.0]
[KnowledgeDistillationTrainer] student_dim=416 → teacher_dim=512, T=4.0, alpha=0.5, beta=0.1
Starting supervised training phase...
Epoch 1/150
Traceback (most recent call last):
  File "/workspace/CSI-Bench-Real-WiFi-Sensing-Benchmark/scripts/train_supervised.py", line 1048, in <module>
    main()
  File "/workspace/CSI-Bench-Real-WiFi-Sensing-Benchmark/scripts/train_supervised.py", line 748, in main
    model, training_results = trainer.train()
  File "/workspace/CSI-Bench-Real-WiFi-Sensing-Benchmark/engine/supervised/task_trainer.py", line 135, in train
    train_loss, train_acc, train_time = self.train_epoch()
  File "/workspace/CSI-Bench-Real-WiFi-Sensing-Benchmark/engine/supervised/kd_trainer.py", line 157, in train_epoch
    for inputs, labels in self.train_loader:
ValueError: too many values to unpack (expected 2)
Error running supervised learning: return code 1

Model deepbigru training failed
Running time: 0.76 minutes

============================================================
All model training completed
============================================================
Results summary:
  - inceptioncsi: FAILED, Running time: 0.70 minutes
  - lighttcn: FAILED, Running time: 0.76 minutes
  - deepbigru: FAILED, Running time: 0.76 minutes

Successful: 0/3, Failed: 3/3
