root_dir is /workspace/CSI-Bench-Real-WiFi-Sensing-Benchmark
Loaded configuration from /workspace/CSI-Bench-Real-WiFi-Sensing-Benchmark/configs/local_default_config.json
Using CUDA device: NVIDIA A100-SXM4-80GB
CUDA version: 11.8
Total GPU memory: 85.10 GB
PyTorch version: 2.1.0
Loaded configuration from configs/improved_all_models_har_config.json

============================================================
Starting training for model: prunedattentiongru
============================================================

Running supervised learning: /opt/conda/bin/python /workspace/CSI-Bench-Real-WiFi-Sensing-Benchmark/scripts/train_supervised.py --data_dir="./csi-bench-dataset" --task_name=HumanActivityRecognition --model=prunedattentiongru --batch_size=32 --epochs=100 --win_len=500 --feature_size=232 --save_dir="./results" --output_dir="./results" --num_workers=0 --use_root_data_path --no_pin_memory --test_splits="all" --learning_rate=0.001 --weight_decay=1e-05 --warmup_epochs=5 --patience=15 --use_augmentation --use_domain_adversarial --domain_lambda=0.1 --noise_prob=0.2 --shift_prob=0.2 --amplitude_prob=0.3 --mixup_prob=0.1 --max_shift=10 --label_smoothing=0.1 --hidden_dim=128 --attention_dim=32 --tcn_channels=128 --tcn_layers=5 --nb_filters=24 --inception_depth=6 --conf_d_model=128 --conf_layers=4 --bigru_hidden=96 --bigru_layers=2 --n_transformer_layers=1
Disabling PyTorch because PyTorch >= 2.4 is required but found 2.1.0
PyTorch was not found. Models won't be available and only tokenizers, configuration and file/data utilities can be used.
Running in local environment
Experiment ID: params_fbb681c949
Results will be saved to: ./results/HumanActivityRecognition/prunedattentiongru/params_fbb681c949
Model checkpoints will be saved to: ./results/HumanActivityRecognition/prunedattentiongru/params_fbb681c949
Using device: cuda
********************splits_dir is ./csi-bench-dataset/tasks/HumanActivityRecognition/splits
Available test splits: ['test_cross_device', 'test_cross_env', 'test_cross_user', 'test_id']
Using test splits: ['test_cross_device', 'test_cross_env', 'test_cross_user', 'test_id']
Loading data from ./csi-bench-dataset for task HumanActivityRecognition...
________________________DATA DEBUG________./csi-bench-dataset/tasks/HumanActivityRecognition
Root directory does not contain required subfolders, will try standard paths.
Checking path: ./csi-bench-dataset/tasks/HumanActivityRecognition
  Has metadata: True, Has splits: True
Using task directory: ./csi-bench-dataset/tasks/HumanActivityRecognition

==== Task Directory Contents (./csi-bench-dataset/tasks/HumanActivityRecognition) ====
  Directory: metadata/ (3 items)
    - device_mapping.json
    - label_mapping.json
    - sample_metadata.csv
  Directory: splits/ (6 items)
    - test_cross_device.json
    - test_cross_env.json
    - test_cross_user.json
    - test_id.json
    - train_id.json
    - val_id.json
  Directory: sub_Human/ (6 items)
================================================

Using metadata path: ./csi-bench-dataset/tasks/HumanActivityRecognition/metadata/sample_metadata.csv
Using provided task directory: ./csi-bench-dataset/tasks/HumanActivityRecognition
Using provided task directory: ./csi-bench-dataset/tasks/HumanActivityRecognition
Loaded 15843 samples for HumanActivityRecognition - train_id
Loaded 15843 samples for HumanActivityRecognition - train_id
[Domain] encoders built: device: 8 classes, environment: 5 classes, user: 5 classes
Using provided task directory: ./csi-bench-dataset/tasks/HumanActivityRecognition
Using provided task directory: ./csi-bench-dataset/tasks/HumanActivityRecognition
Loaded 3393 samples for HumanActivityRecognition - val_id
Loaded 3393 samples for HumanActivityRecognition - val_id
Using provided task directory: ./csi-bench-dataset/tasks/HumanActivityRecognition
Using provided task directory: ./csi-bench-dataset/tasks/HumanActivityRecognition
Loaded 4958 samples for HumanActivityRecognition - test_cross_device
Loaded 4958 samples for HumanActivityRecognition - test_cross_device
Using provided task directory: ./csi-bench-dataset/tasks/HumanActivityRecognition
Using provided task directory: ./csi-bench-dataset/tasks/HumanActivityRecognition
Loaded 5660 samples for HumanActivityRecognition - test_cross_env
Loaded 5660 samples for HumanActivityRecognition - test_cross_env
Using provided task directory: ./csi-bench-dataset/tasks/HumanActivityRecognition
Using provided task directory: ./csi-bench-dataset/tasks/HumanActivityRecognition
Loaded 5967 samples for HumanActivityRecognition - test_cross_user
Loaded 5967 samples for HumanActivityRecognition - test_cross_user
Using provided task directory: ./csi-bench-dataset/tasks/HumanActivityRecognition
Using provided task directory: ./csi-bench-dataset/tasks/HumanActivityRecognition
Loaded 3400 samples for HumanActivityRecognition - test_id
Loaded 3400 samples for HumanActivityRecognition - test_id
Detected 6 classes in the dataset
Loaded 4 test splits: ['test_cross_device', 'test_cross_env', 'test_cross_user', 'test']
Creating PRUNEDATTENTIONGRU model...
Model parameters: 256390
Using DomainAdversarialTrainer  (domain_lambda=0.1, domain_n_classes=[8, 5, 5])
Traceback (most recent call last):
  File "/workspace/CSI-Bench-Real-WiFi-Sensing-Benchmark/scripts/train_supervised.py", line 931, in <module>
    main()
  File "/workspace/CSI-Bench-Real-WiFi-Sensing-Benchmark/scripts/train_supervised.py", line 610, in main
    trainer = DomainAdversarialTrainer(
  File "/workspace/CSI-Bench-Real-WiFi-Sensing-Benchmark/engine/supervised/domain_adversarial_trainer.py", line 130, in __init__
    self._hook_handle = self.model.head.register_forward_hook(_hook)
  File "/opt/conda/lib/python3.10/site-packages/torch/nn/modules/module.py", line 1695, in __getattr__
    raise AttributeError(f"'{type(self).__name__}' object has no attribute '{name}'")
AttributeError: 'PrunedAttentionGRUClassifier' object has no attribute 'head'
Error running supervised learning: return code 1

Model prunedattentiongru training failed
Running time: 0.09 minutes

============================================================
All model training completed
============================================================
Results summary:
  - prunedattentiongru: FAILED, Running time: 0.09 minutes

Successful: 0/1, Failed: 1/1
